# serializer version: 1
# name: test_platform_setup_and_discovery[button.hem_hub_pairing_mode-entry]
  EntityRegistryEntrySnapshot({
    'aliases': set({
    }),
    'area_id': None,
    'capabilities': None,
    'config_entry_id': <ANY>,
    'config_subentry_id': <ANY>,
    'device_class': None,
    'device_id': <ANY>,
    'disabled_by': None,
    'domain': 'button',
    'entity_category': <EntityCategory.CONFIG: 'config'>,
    'entity_id': 'button.hem_hub_pairing_mode',
    'has_entity_name': True,
    'hidden_by': None,
    'icon': None,
    'id': <ANY>,
    'labels': set({
    }),
    'name': None,
    'options': dict({
    }),
    'original_device_class': None,
    'original_icon': None,
    'original_name': 'Pairing Mode',
    'platform': 'surepetcare',
    'previous_unique_id': None,
    'suggested_object_id': None,
    'supported_features': 0,
    'translation_key': 'pairing_mode',
    'unique_id': '295972-pairing_mode',
    'unit_of_measurement': None,
  })
# ---
# name: test_platform_setup_and_discovery[button.hem_hub_pairing_mode-state]
  StateSnapshot({
    'attributes': ReadOnlyDict({
      'friendly_name': 'Hem-hub Pairing Mode',
    }),
    'context': <ANY>,
    'entity_id': 'button.hem_hub_pairing_mode',
    'last_changed': <ANY>,
    'last_reported': <ANY>,
    'last_updated': <ANY>,
    'state': 'unknown',
  })
# ---
# name: test_platform_setup_and_discovery_missing_entities[button.hem_hub_pairing_mode-entry]
  EntityRegistryEntrySnapshot({
    'aliases': set({
    }),
    'area_id': None,
    'capabilities': None,
    'config_entry_id': <ANY>,
    'config_subentry_id': <ANY>,
    'device_class': None,
    'device_id': <ANY>,
    'disabled_by': None,
    'domain': 'button',
    'entity_category': <EntityCategory.CONFIG: 'config'>,
    'entity_id': 'button.hem_hub_pairing_mode',
    'has_entity_name': True,
    'hidden_by': None,
    'icon': None,
    'id': <ANY>,
    'labels': set({
    }),
    'name': None,
    'options': dict({
    }),
    'original_device_class': None,
    'original_icon': None,
    'original_name': 'Pairing Mode',
    'platform': 'surepetcare',
    'previous_unique_id': None,
    'suggested_object_id': None,
    'supported_features': 0,
    'translation_key': 'pairing_mode',
    'unique_id': '295972-pairing_mode',
    'unit_of_measurement': None,
  })
# ---
# name: test_platform_setup_and_discovery_missing_entities[button.hem_hub_pairing_mode-state]
  StateSnapshot({
    'attributes': ReadOnlyDict({
      'friendly_name': 'Hem-hub Pairing Mode',
    }),
    'context': <ANY>,
    'entity_id': 'button.hem_hub_pairing_mode',
    'last_changed': <ANY>,
    'last_reported': <ANY>,
    'last_updated': <ANY>,
    'state': 'unknown',
  })
# ---
